[0.005s][info][gc] Using Serial
[22.650s][info][gc] GC(0) Pause Young (Allocation Failure) 6M->2M(23M) 3.371ms
[22.706s][info][gc] GC(1) Pause Young (Allocation Failure) 9M->3M(23M) 2.049ms
[23.021s][info][gc] GC(2) Pause Young (Allocation Failure) 9M->3M(23M) 2.380ms
[49.198s][info][gc] GC(3) Pause Young (Allocation Failure) 10M->4M(23M) 3.153ms
[49.210s][info][gc] GC(4) Pause Young (Allocation Failure) 10M->4M(23M) 1.010ms
[49.220s][info][gc] GC(5) Pause Young (Allocation Failure) 10M->4M(23M) 0.261ms
[49.229s][info][gc] GC(6) Pause Young (Allocation Failure) 10M->4M(23M) 0.184ms
[49.237s][info][gc] GC(7) Pause Young (Allocation Failure) 10M->4M(23M) 0.199ms
[49.242s][info][gc] GC(8) Pause Young (Allocation Failure) 10M->4M(23M) 0.127ms
[49.247s][info][gc] GC(9) Pause Young (Allocation Failure) 10M->4M(23M) 0.172ms
[49.252s][info][gc] GC(10) Pause Young (Allocation Failure) 10M->4M(23M) 0.127ms
[49.255s][info][gc] GC(11) Pause Young (Allocation Failure) 10M->4M(23M) 0.151ms
[49.258s][info][gc] GC(12) Pause Young (Allocation Failure) 10M->4M(23M) 0.146ms
[49.261s][info][gc] GC(13) Pause Young (Allocation Failure) 10M->4M(23M) 0.212ms
[49.264s][info][gc] GC(14) Pause Young (Allocation Failure) 10M->4M(23M) 0.331ms
[70.240s][info][gc] GC(15) Pause Young (Allocation Failure) 10M->4M(23M) 0.953ms
[123.904s][info][gc] GC(16) Pause Young (Allocation Failure) 10M->4M(23M) 0.493ms
[123.926s][info][gc] GC(17) Pause Young (Allocation Failure) 10M->4M(23M) 0.494ms
[123.930s][info][gc] GC(18) Pause Young (Allocation Failure) 10M->4M(23M) 0.414ms
[123.934s][info][gc] GC(19) Pause Young (Allocation Failure) 10M->4M(23M) 0.481ms
[123.937s][info][gc] GC(20) Pause Young (Allocation Failure) 10M->4M(23M) 0.430ms
[123.941s][info][gc] GC(21) Pause Young (Allocation Failure) 10M->4M(23M) 0.438ms
[123.945s][info][gc] GC(22) Pause Young (Allocation Failure) 10M->4M(23M) 0.439ms
[123.949s][info][gc] GC(23) Pause Young (Allocation Failure) 10M->4M(23M) 0.382ms
[123.952s][info][gc] GC(24) Pause Young (Allocation Failure) 10M->4M(23M) 0.266ms
[123.956s][info][gc] GC(25) Pause Young (Allocation Failure) 10M->4M(23M) 0.399ms
[123.960s][info][gc] GC(26) Pause Young (Allocation Failure) 10M->4M(23M) 0.346ms
[123.964s][info][gc] GC(27) Pause Young (Allocation Failure) 10M->4M(23M) 0.291ms
[146.516s][info][gc] GC(28) Pause Young (Allocation Failure) 10M->4M(23M) 1.357ms
