[0.005s][info][gc] Using Serial
[3.105s][info][gc] GC(0) Pause Young (Allocation Failure) 6M->2M(23M) 3.122ms
[3.159s][info][gc] GC(1) Pause Young (Allocation Failure) 9M->3M(23M) 2.136ms
[3.541s][info][gc] GC(2) Pause Young (Allocation Failure) 9M->3M(23M) 4.050ms
[41.725s][info][gc] GC(3) Pause Young (Allocation Failure) 10M->4M(23M) 5.991ms
[45.698s][info][gc] GC(4) Pause Young (Allocation Failure) 10M->4M(23M) 1.312ms
[45.711s][info][gc] GC(5) Pause Young (Allocation Failure) 10M->4M(23M) 0.922ms
[45.722s][info][gc] GC(6) Pause Young (Allocation Failure) 10M->4M(23M) 0.694ms
[45.732s][info][gc] GC(7) Pause Young (Allocation Failure) 10M->4M(23M) 0.677ms
[45.739s][info][gc] GC(8) Pause Young (Allocation Failure) 10M->4M(23M) 0.684ms
[45.746s][info][gc] GC(9) Pause Young (Allocation Failure) 10M->4M(23M) 0.686ms
[45.751s][info][gc] GC(10) Pause Young (Allocation Failure) 10M->4M(23M) 0.726ms
[45.756s][info][gc] GC(11) Pause Young (Allocation Failure) 10M->4M(23M) 0.630ms
[45.758s][info][gc] GC(12) Pause Young (Allocation Failure) 10M->4M(23M) 0.541ms
[45.761s][info][gc] GC(13) Pause Young (Allocation Failure) 10M->4M(23M) 0.498ms
[45.764s][info][gc] GC(14) Pause Young (Allocation Failure) 10M->4M(23M) 0.508ms
[48.754s][info][gc] GC(15) Pause Young (Allocation Failure) 10M->4M(23M) 2.671ms
[102.965s][info][gc] GC(16) Pause Young (Allocation Failure) 10M->4M(23M) 3.085ms
[118.861s][info][gc] GC(17) Pause Young (Allocation Failure) 10M->4M(23M) 1.457ms
[118.866s][info][gc] GC(18) Pause Young (Allocation Failure) 10M->4M(23M) 1.292ms
[118.870s][info][gc] GC(19) Pause Young (Allocation Failure) 10M->4M(23M) 0.396ms
[118.875s][info][gc] GC(20) Pause Young (Allocation Failure) 10M->4M(23M) 0.456ms
[118.879s][info][gc] GC(21) Pause Young (Allocation Failure) 10M->4M(23M) 0.305ms
[118.882s][info][gc] GC(22) Pause Young (Allocation Failure) 10M->4M(23M) 0.334ms
[118.885s][info][gc] GC(23) Pause Young (Allocation Failure) 10M->4M(23M) 0.268ms
[118.889s][info][gc] GC(24) Pause Young (Allocation Failure) 10M->4M(23M) 0.288ms
[118.892s][info][gc] GC(25) Pause Young (Allocation Failure) 10M->4M(23M) 0.240ms
[118.895s][info][gc] GC(26) Pause Young (Allocation Failure) 10M->4M(23M) 0.214ms
[118.898s][info][gc] GC(27) Pause Young (Allocation Failure) 10M->4M(23M) 0.263ms
[122.076s][info][gc] GC(28) Pause Young (Allocation Failure) 10M->4M(23M) 1.050ms
[178.289s][info][gc] GC(29) Pause Young (Allocation Failure) 10M->4M(23M) 0.972ms
