[0.004s][info][gc] Using Serial
[6.627s][info][gc] GC(0) Pause Young (Allocation Failure) 4M->2M(15M) 2.266ms
[6.671s][info][gc] GC(1) Pause Young (Allocation Failure) 6M->2M(15M) 2.024ms
[6.709s][info][gc] GC(2) Pause Young (Allocation Failure) 7M->2M(15M) 1.139ms
[6.917s][info][gc] GC(3) Pause Young (Allocation Failure) 7M->3M(15M) 1.207ms
[13.209s][info][gc] GC(4) Pause Young (Allocation Failure) 7M->4M(15M) 8.139ms
[30.273s][info][gc] GC(5) Pause Young (Allocation Failure) 8M->6M(15M) 1.369ms
[66.398s][info][gc] GC(6) Pause Young (Allocation Failure) 10M->6M(15M) 0.772ms
[102.515s][info][gc] GC(7) Pause Young (Allocation Failure) 10M->6M(15M) 0.511ms
[131.049s][info][gc] GC(8) Pause Young (Allocation Failure) 9M->6M(15M) 0.855ms
