[0.005s][info][gc] Using Parallel
[3.048s][info][gc] GC(0) Pause Young (Allocation Failure) 4M->2M(15M) 1.701ms
[3.087s][info][gc] GC(1) Pause Young (Allocation Failure) 6M->2M(15M) 1.000ms
[3.118s][info][gc] GC(2) Pause Young (Allocation Failure) 6M->3M(15M) 1.624ms
[3.332s][info][gc] GC(3) Pause Young (Allocation Failure) 7M->4M(15M) 1.137ms
[3.411s][info][gc] GC(4) Pause Young (Allocation Failure) 8M->5M(15M) 2.260ms
[25.472s][info][gc] GC(5) Pause Young (Allocation Failure) 9M->5M(13M) 1.317ms
[33.518s][info][gc] GC(6) Pause Young (Allocation Failure) 7M->6M(14M) 3.236ms
[41.534s][info][gc] GC(7) Pause Young (Allocation Failure) 8M->7M(14M) 0.515ms
[58.590s][info][gc] GC(8) Pause Young (Allocation Failure) 9M->7M(14M) 0.374ms
[74.688s][info][gc] GC(9) Pause Young (Allocation Failure) 9M->7M(14M) 0.266ms
[91.744s][info][gc] GC(10) Pause Young (Allocation Failure) 9M->7M(14M) 0.194ms
[109.754s][info][gc] GC(11) Pause Young (Allocation Failure) 9M->7M(14M) 0.263ms
[126.810s][info][gc] GC(12) Pause Young (Allocation Failure) 9M->7M(14M) 0.339ms
[135.846s][info][gc] GC(13) Pause Young (Allocation Failure) 9M->8M(14M) 0.253ms
[153.900s][info][gc] GC(14) Pause Young (Allocation Failure) 10M->7M(14M) 0.731ms
[154.398s][info][gc] GC(15) Pause Young (Allocation Failure) 9M->8M(14M) 0.365ms
[154.401s][info][gc] GC(16) Pause Young (Allocation Failure) 10M->8M(14M) 0.257ms
[154.413s][info][gc] GC(17) Pause Young (Allocation Failure) 10M->8M(14M) 0.140ms
[154.415s][info][gc] GC(18) Pause Young (Allocation Failure) 10M->8M(14M) 0.158ms
[154.417s][info][gc] GC(19) Pause Young (Allocation Failure) 10M->8M(14M) 0.135ms
[154.419s][info][gc] GC(20) Pause Young (Allocation Failure) 10M->8M(14M) 0.127ms
[154.421s][info][gc] GC(21) Pause Young (Allocation Failure) 10M->8M(14M) 0.160ms
[154.423s][info][gc] GC(22) Pause Young (Allocation Failure) 10M->9M(14M) 0.155ms
[154.424s][info][gc] GC(23) Pause Young (Allocation Failure) 11M->9M(14M) 0.193ms
[154.426s][info][gc] GC(24) Pause Young (Allocation Failure) 11M->9M(14M) 0.166ms
[154.428s][info][gc] GC(25) Pause Young (Allocation Failure) 11M->9M(14M) 0.116ms
[154.430s][info][gc] GC(26) Pause Young (Allocation Failure) 11M->9M(14M) 0.150ms
[154.431s][info][gc] GC(27) Pause Young (Allocation Failure) 11M->9M(14M) 0.166ms
[154.433s][info][gc] GC(28) Pause Young (Allocation Failure) 11M->10M(14M) 0.152ms
[162.439s][info][gc] GC(29) Pause Young (Allocation Failure) 12M->9M(14M) 0.419ms
